{"level":"warn","ts":1698004546.7332892,"msg":"open D:/GoStudy/GOPATH/src/go-raftkv/tmp/rosedb_basic/9992/nodeStateStore: The system cannot find the file specified."}
{"level":"error","ts":1698004550.3397934,"msg":"node localhost:9992 get a appendLock failed"}
{"level":"error","ts":1698004550.3397934,"msg":"node localhost:9992 get a appendLock failed"}
{"level":"error","ts":1698004550.3402972,"msg":"node localhost:9992 get a appendLock failed"}
{"level":"error","ts":1698004550.3419087,"msg":"node localhost:9992 get a appendLock failed"}
{"level":"error","ts":1698004550.3421082,"msg":"node localhost:9992 get a appendLock failed"}
{"level":"error","ts":1698004550.3421082,"msg":"node localhost:9992 get a appendLock failed"}
{"level":"error","ts":1698004550.3428762,"msg":"node localhost:9992 get a appendLock failed"}
{"level":"error","ts":1698004550.3456995,"msg":"node localhost:9992 get a appendLock failed"}
{"level":"error","ts":1698004550.3467119,"msg":"node localhost:9992 get a appendLock failed"}
{"level":"error","ts":1698004550.3476028,"msg":"node localhost:9992 get a appendLock failed"}
{"level":"error","ts":1698004550.3486578,"msg":"node localhost:9992 get a appendLock failed"}
{"level":"error","ts":1698004550.3491876,"msg":"node localhost:9992 get a appendLock failed"}
{"level":"error","ts":1698004550.3502789,"msg":"node localhost:9992 get a appendLock failed"}
{"level":"error","ts":1698004550.3505716,"msg":"node localhost:9992 get a appendLock failed"}
{"level":"error","ts":1698004550.351075,"msg":"node localhost:9992 get a appendLock failed"}
{"level":"error","ts":1698004550.3528504,"msg":"node localhost:9992 get a appendLock failed"}
{"level":"error","ts":1698004550.3528504,"msg":"node localhost:9992 get a appendLock failed"}
{"level":"error","ts":1698004550.3528504,"msg":"node localhost:9992 get a appendLock faile{"le{"level":"error","ts":1698004550.35344,"msg":"node localhost:9992 get a appendLock faile{"level":"error","ts":1698004550.3547935,"msg":"node localhost:9991 get a appendLock failed"}
{"le{"level":"error","ts":1698004550.357411,"msg":"node localhost:9992 get a appendLock failed{"level":"error","ts":1698004550.3645377,"msg":"node localhost:9991 get a appendLock failed"}
}
{"level":"error","ts":1698004550.357411,"msg":"node localhost:9992 get a appendLock failed"}
{"level":"error","ts":1698004550.3590646,"msg":"node localhost:9992 get a appendLock failed"}
{"level":"error","ts":1698004550.3598275,"msg":"node localhost:9992 get a appendLock failed"}
{"level":"error","ts":1698004550.3598275,"msg":"node localhost:9992 get a appendLock failed"}
{"level":"error","ts":1698004550.3603346,"msg":"node localhost:9992 get a appendLock failed"}
{"level":"error","ts":1698004550.3603346,"msg":"node localhost:9992 get a appendLock failed"}
{"level":"error","ts":1698004550.3605988,"msg":"node localhost:9992 get a appendLock failed"}
{"level":"error","ts":1698004550.3605988,"msg":"node localhost:9992 get a appendLock failed"}
{"level":"error","ts":1698004550.3611684,"msg":"node localhost:9992 get a appendLock failed"}
{"level":"error","ts":1698004550.361674,"msg":"node localhost:9992 get a appendLock failed"}
{"level":"error","ts":1698004550.361674,"msg":"node localhost:9992 get a appendLock failed"}
{"level":"error","ts":1698004550.3621924,"msg":"node localhost:9992 get a appendLock failed"}
{"level":"error","ts":1698004550.3627098,"msg":"node localhost:9992 get a appendLock failed"}
{"level":"error","ts":1698004550.3627098,"msg":"node localhost:9992 get a appendLock failed"}
{"level":"error","ts":1698004550.3627098,"msg":"node localhost:9992 get a appendLock failed"}
{"level":"error","ts":1698004550.3640332,"msg":"node localhost:9992 get a appendLock failed"}
{"level":"error","ts":1698004550.3656228,"msg":"node localhost:9992 get a appendLock failed"}
